Traceback (most recent call last):
  File "E:\vs-project\health-check\app\checks.py", line 93, in _ensure_browser
    self._browser = self._pw.chromium.launch(args=["--disable-dev-shm-usage"])
  File "E:\vs-project\health-check\.health\lib\site-packages\playwright\sync_api\_generated.py", line 16702, in launch
    self._sync(
  File "E:\vs-project\health-check\.health\lib\site-packages\playwright\_impl\_sync_base.py", line 115, in _sync
    return task.result()
  File "E:\vs-project\health-check\.health\lib\site-packages\playwright\_impl\_browser_type.py", line 97, in launch
    await self._channel.send(
  File "E:\vs-project\health-check\.health\lib\site-packages\playwright\_impl\_connection.py", line 76, in send
    return await self._connection.wrap_api_call(
  File "E:\vs-project\health-check\.health\lib\site-packages\playwright\_impl\_connection.py", line 632, in wrap_api_call
    raise rewrite_error(error, f"{parsed_st['apiName']}: {error}") from None
playwright._impl._errors.Error: BrowserType.launch: Executable doesn't exist at C:\Users\ads2509026\AppData\Local\ms-playwright\chromium_headless_shell-1234\chrome-headless-shell-win64\chrome-headless-shell.exe
╔════════════════════════════════════════════════════════════╗
║ Looks like Playwright was just installed or updated.       ║
║ Please run the following command to download new browsers: ║
║                                                            ║
║     playwright install                                     ║
║                                                            ║
║ <3 Playwright Team                                         ║
╚════════════════════════════════════════════════════════════╝
